Run `npm audit` for details.
PS C:\Users\boma5046\ServiceManagement> php artisan migrate:fresh --seed
>> 

  Dropping all tables ................................................................................................................... 164ms DONE

   INFO  Preparing database.

  Creating migration table ............................................................................................................... 14ms DONE

   INFO  Running migrations.  

  2014_10_12_000000_create_users_table ................................................................................................... 26ms DONE
  2014_10_12_100000_create_password_reset_tokens_table ................................................................................... 10ms DONE
  2019_08_19_000000_create_failed_jobs_table ............................................................................................. 24ms DONE
  2019_12_14_000001_create_personal_access_tokens_table .................................................................................. 32ms DONE
  2025_02_20_152733_create_services_table ................................................................................................ 11ms DONE
  2025_02_20_152734_create_tasks_table ................................................................................................... 52ms DONE
  2025_02_20_152735_create_agents_table .................................................................................................. 10ms DONE
  2025_02_20_152735_create_appointments_table ............................................................................................ 15ms DONE
  2025_02_20_152830_create_personnels_table .............................................................................................. 14ms DONE
  2025_03_25_115325_create_document_templates_table ...................................................................................... 50ms DONE
  2025_03_25_125529_create_document_requests_table ....................................................................................... 36ms DONE


   INFO  Seeding database.

ðŸ‘¥ GÃ©nÃ©ration de 50 personnels...
ðŸ›¡ï¸ CrÃ©ation du super administrateur...
ðŸ¢ CrÃ©ation des services, agents, tÃ¢ches, documents, et rendez-vous...
ðŸ“… GÃ©nÃ©ration de rendez-vous alÃ©atoires pour 20 personnels...
âœ… Base de donnÃ©es gÃ©nÃ©rÃ©e avec succÃ¨s !
PS C:\Users\boma5046\ServiceManagement> php artisan db:seed --class=AppointmentSeeder    
>> 

   INFO  Seeding database.

ðŸ“… GÃ©nÃ©ration de 50 rendez-vous alÃ©atoires...
âœ… 100 rendez-vous crÃ©Ã©s avec succÃ¨s.
PS C:\Users\boma5046\ServiceManagement> php artisan db:seed --class=DocumentRequestSeeder
>> 

   INFO  Seeding database.

ðŸ“„ GÃ©nÃ©ration de 50 demandes de documents (via personnels)...
âœ… 50 demandes crÃ©Ã©es avec succÃ¨s pour des personnels existants.
PS C:\Users\boma5046\ServiceManagement> php artisan db:seed --class=DocumentRequestSeeder
>>

   INFO  Seeding database.

ðŸ“„ GÃ©nÃ©ration de 50 demandes de documents (via personnels)...
âœ… 50 demandes crÃ©Ã©es avec succÃ¨s pour des personnels existants.
PS C:\Users\boma5046\ServiceManagement> php artisan db:seed --class=AppointmentSeeder    
>> 

   INFO  Seeding database.

ðŸ“… GÃ©nÃ©ration de 50 rendez-vous alÃ©atoires...
âœ… 100 rendez-vous crÃ©Ã©s avec succÃ¨s.
PS C:\Users\boma5046\ServiceManagement> 